------------------------------------------------------------
Timing Analyzer Summary
------------------------------------------------------------

Type  : Slow 1100mV 85C Model Setup 'CLK_50'
Slack : 13.172
TNS   : 0.000

Type  : Slow 1100mV 85C Model Setup 'L1_OSC'
Slack : 14.214
TNS   : 0.000

Type  : Slow 1100mV 85C Model Hold 'CLK_50'
Slack : 0.261
TNS   : 0.000

Type  : Slow 1100mV 85C Model Hold 'L1_OSC'
Slack : 0.297
TNS   : 0.000

Type  : Slow 1100mV 85C Model Recovery 'L1_OSC'
Slack : 17.545
TNS   : 0.000

Type  : Slow 1100mV 85C Model Recovery 'CLK_50'
Slack : 17.607
TNS   : 0.000

Type  : Slow 1100mV 85C Model Removal 'L1_OSC'
Slack : 0.637
TNS   : 0.000

Type  : Slow 1100mV 85C Model Removal 'CLK_50'
Slack : 0.678
TNS   : 0.000

Type  : Slow 1100mV 85C Model Minimum Pulse Width 'CLK_50'
Slack : 8.804
TNS   : 0.000

Type  : Slow 1100mV 85C Model Minimum Pulse Width 'L1_OSC'
Slack : 8.813
TNS   : 0.000

Type  : Slow 1100mV 0C Model Setup 'CLK_50'
Slack : 13.251
TNS   : 0.000

Type  : Slow 1100mV 0C Model Setup 'L1_OSC'
Slack : 14.084
TNS   : 0.000

Type  : Slow 1100mV 0C Model Hold 'CLK_50'
Slack : 0.238
TNS   : 0.000

Type  : Slow 1100mV 0C Model Hold 'L1_OSC'
Slack : 0.283
TNS   : 0.000

Type  : Slow 1100mV 0C Model Recovery 'L1_OSC'
Slack : 17.647
TNS   : 0.000

Type  : Slow 1100mV 0C Model Recovery 'CLK_50'
Slack : 17.690
TNS   : 0.000

Type  : Slow 1100mV 0C Model Removal 'L1_OSC'
Slack : 0.566
TNS   : 0.000

Type  : Slow 1100mV 0C Model Removal 'CLK_50'
Slack : 0.623
TNS   : 0.000

Type  : Slow 1100mV 0C Model Minimum Pulse Width 'CLK_50'
Slack : 8.756
TNS   : 0.000

Type  : Slow 1100mV 0C Model Minimum Pulse Width 'L1_OSC'
Slack : 8.756
TNS   : 0.000

Type  : Fast 1100mV 85C Model Setup 'CLK_50'
Slack : 16.273
TNS   : 0.000

Type  : Fast 1100mV 85C Model Setup 'L1_OSC'
Slack : 17.133
TNS   : 0.000

Type  : Fast 1100mV 85C Model Hold 'CLK_50'
Slack : 0.143
TNS   : 0.000

Type  : Fast 1100mV 85C Model Hold 'L1_OSC'
Slack : 0.151
TNS   : 0.000

Type  : Fast 1100mV 85C Model Recovery 'CLK_50'
Slack : 18.632
TNS   : 0.000

Type  : Fast 1100mV 85C Model Recovery 'L1_OSC'
Slack : 18.672
TNS   : 0.000

Type  : Fast 1100mV 85C Model Removal 'CLK_50'
Slack : 0.296
TNS   : 0.000

Type  : Fast 1100mV 85C Model Removal 'L1_OSC'
Slack : 0.298
TNS   : 0.000

Type  : Fast 1100mV 85C Model Minimum Pulse Width 'L1_OSC'
Slack : 8.503
TNS   : 0.000

Type  : Fast 1100mV 85C Model Minimum Pulse Width 'CLK_50'
Slack : 8.506
TNS   : 0.000

Type  : Fast 1100mV 0C Model Setup 'CLK_50'
Slack : 16.657
TNS   : 0.000

Type  : Fast 1100mV 0C Model Setup 'L1_OSC'
Slack : 17.358
TNS   : 0.000

Type  : Fast 1100mV 0C Model Hold 'CLK_50'
Slack : 0.129
TNS   : 0.000

Type  : Fast 1100mV 0C Model Hold 'L1_OSC'
Slack : 0.140
TNS   : 0.000

Type  : Fast 1100mV 0C Model Recovery 'CLK_50'
Slack : 18.782
TNS   : 0.000

Type  : Fast 1100mV 0C Model Recovery 'L1_OSC'
Slack : 18.799
TNS   : 0.000

Type  : Fast 1100mV 0C Model Removal 'L1_OSC'
Slack : 0.240
TNS   : 0.000

Type  : Fast 1100mV 0C Model Removal 'CLK_50'
Slack : 0.266
TNS   : 0.000

Type  : Fast 1100mV 0C Model Minimum Pulse Width 'L1_OSC'
Slack : 8.456
TNS   : 0.000

Type  : Fast 1100mV 0C Model Minimum Pulse Width 'CLK_50'
Slack : 8.457
TNS   : 0.000

------------------------------------------------------------
